<?xml version="1.0" encoding="UTF-8"?>
<testsuites>
  <testsuite name="" tests="56" assertions="132" errors="0" warnings="0" failures="0" skipped="0" time="2.459961">
    <testsuite name="Project Test Suite" tests="56" assertions="132" errors="0" warnings="0" failures="0" skipped="0" time="2.459961">
      <testsuite name="App\Classes\Card\CardTest" file="/Users/frida/Kod/BTH/dbwebb-kurser/mvc/me/report/tests/Card/CardTest.php" tests="4" assertions="8" errors="0" warnings="0" failures="0" skipped="0" time="0.028183">
        <testcase name="testCreateCard" class="App\Classes\Card\CardTest" classname="App.Classes.Card.CardTest" file="/Users/frida/Kod/BTH/dbwebb-kurser/mvc/me/report/tests/Card/CardTest.php" line="15" assertions="2" time="0.025004"/>
        <testcase name="testCreateCardVerifyValue" class="App\Classes\Card\CardTest" classname="App.Classes.Card.CardTest" file="/Users/frida/Kod/BTH/dbwebb-kurser/mvc/me/report/tests/Card/CardTest.php" line="27" assertions="2" time="0.001876"/>
        <testcase name="testCreateCardVerifySuit" class="App\Classes\Card\CardTest" classname="App.Classes.Card.CardTest" file="/Users/frida/Kod/BTH/dbwebb-kurser/mvc/me/report/tests/Card/CardTest.php" line="38" assertions="2" time="0.000674"/>
        <testcase name="testCreateCardVerifyValueAsString" class="App\Classes\Card\CardTest" classname="App.Classes.Card.CardTest" file="/Users/frida/Kod/BTH/dbwebb-kurser/mvc/me/report/tests/Card/CardTest.php" line="50" assertions="2" time="0.000629"/>
      </testsuite>
      <testsuite name="App\Classes\Card\Deck2Test" file="/Users/frida/Kod/BTH/dbwebb-kurser/mvc/me/report/tests/Card/Deck2Test.php" tests="1" assertions="3" errors="0" warnings="0" failures="0" skipped="0" time="0.009525">
        <testcase name="testCreateDeck2" class="App\Classes\Card\Deck2Test" classname="App.Classes.Card.Deck2Test" file="/Users/frida/Kod/BTH/dbwebb-kurser/mvc/me/report/tests/Card/Deck2Test.php" line="16" assertions="3" time="0.009525"/>
      </testsuite>
      <testsuite name="App\Classes\Card\DeckTest" file="/Users/frida/Kod/BTH/dbwebb-kurser/mvc/me/report/tests/Card/DeckTest.php" tests="9" assertions="20" errors="0" warnings="0" failures="0" skipped="0" time="0.032894">
        <testcase name="testCreateDeck" class="App\Classes\Card\DeckTest" classname="App.Classes.Card.DeckTest" file="/Users/frida/Kod/BTH/dbwebb-kurser/mvc/me/report/tests/Card/DeckTest.php" line="15" assertions="2" time="0.001288"/>
        <testcase name="testGetDeck" class="App\Classes\Card\DeckTest" classname="App.Classes.Card.DeckTest" file="/Users/frida/Kod/BTH/dbwebb-kurser/mvc/me/report/tests/Card/DeckTest.php" line="27" assertions="2" time="0.002048"/>
        <testcase name="testSetDeck" class="App\Classes\Card\DeckTest" classname="App.Classes.Card.DeckTest" file="/Users/frida/Kod/BTH/dbwebb-kurser/mvc/me/report/tests/Card/DeckTest.php" line="39" assertions="2" time="0.001053"/>
        <testcase name="testGetCardHand" class="App\Classes\Card\DeckTest" classname="App.Classes.Card.DeckTest" file="/Users/frida/Kod/BTH/dbwebb-kurser/mvc/me/report/tests/Card/DeckTest.php" line="53" assertions="2" time="0.000974"/>
        <testcase name="testSetCardHand" class="App\Classes\Card\DeckTest" classname="App.Classes.Card.DeckTest" file="/Users/frida/Kod/BTH/dbwebb-kurser/mvc/me/report/tests/Card/DeckTest.php" line="65" assertions="2" time="0.000923"/>
        <testcase name="testShuffleDeck" class="App\Classes\Card\DeckTest" classname="App.Classes.Card.DeckTest" file="/Users/frida/Kod/BTH/dbwebb-kurser/mvc/me/report/tests/Card/DeckTest.php" line="78" assertions="3" time="0.022182"/>
        <testcase name="testGetCards" class="App\Classes\Card\DeckTest" classname="App.Classes.Card.DeckTest" file="/Users/frida/Kod/BTH/dbwebb-kurser/mvc/me/report/tests/Card/DeckTest.php" line="95" assertions="2" time="0.001095"/>
        <testcase name="testGetCardsForPlayer" class="App\Classes\Card\DeckTest" classname="App.Classes.Card.DeckTest" file="/Users/frida/Kod/BTH/dbwebb-kurser/mvc/me/report/tests/Card/DeckTest.php" line="109" assertions="2" time="0.000938"/>
        <testcase name="testGetJson" class="App\Classes\Card\DeckTest" classname="App.Classes.Card.DeckTest" file="/Users/frida/Kod/BTH/dbwebb-kurser/mvc/me/report/tests/Card/DeckTest.php" line="123" assertions="3" time="0.002392"/>
      </testsuite>
      <testsuite name="App\Classes\Dice\DiceGraphicTest" file="/Users/frida/Kod/BTH/dbwebb-kurser/mvc/me/report/tests/Dice/DiceGraphicTest.php" tests="1" assertions="2" errors="0" warnings="0" failures="0" skipped="0" time="0.003705">
        <testcase name="testCreateDiceGraphic" class="App\Classes\Dice\DiceGraphicTest" classname="App.Classes.Dice.DiceGraphicTest" file="/Users/frida/Kod/BTH/dbwebb-kurser/mvc/me/report/tests/Dice/DiceGraphicTest.php" line="16" assertions="2" time="0.003705"/>
      </testsuite>
      <testsuite name="App\Classes\Dice\DiceHandTest" file="/Users/frida/Kod/BTH/dbwebb-kurser/mvc/me/report/tests/Dice/DiceHandTest.php" tests="4" assertions="12" errors="0" warnings="0" failures="0" skipped="0" time="0.011606">
        <testcase name="testCreateDiceHand" class="App\Classes\Dice\DiceHandTest" classname="App.Classes.Dice.DiceHandTest" file="/Users/frida/Kod/BTH/dbwebb-kurser/mvc/me/report/tests/Dice/DiceHandTest.php" line="16" assertions="2" time="0.002703"/>
        <testcase name="testAddToHand" class="App\Classes\Dice\DiceHandTest" classname="App.Classes.Dice.DiceHandTest" file="/Users/frida/Kod/BTH/dbwebb-kurser/mvc/me/report/tests/Dice/DiceHandTest.php" line="28" assertions="2" time="0.000995"/>
        <testcase name="testRoll" class="App\Classes\Dice\DiceHandTest" classname="App.Classes.Dice.DiceHandTest" file="/Users/frida/Kod/BTH/dbwebb-kurser/mvc/me/report/tests/Dice/DiceHandTest.php" line="42" assertions="5" time="0.006817"/>
        <testcase name="testGetNumberDices" class="App\Classes\Dice\DiceHandTest" classname="App.Classes.Dice.DiceHandTest" file="/Users/frida/Kod/BTH/dbwebb-kurser/mvc/me/report/tests/Dice/DiceHandTest.php" line="58" assertions="3" time="0.001091"/>
      </testsuite>
      <testsuite name="App\Classes\Dice\DiceTest" file="/Users/frida/Kod/BTH/dbwebb-kurser/mvc/me/report/tests/Dice/DiceTest.php" tests="2" assertions="7" errors="0" warnings="0" failures="0" skipped="0" time="0.002063">
        <testcase name="testCreateDice" class="App\Classes\Dice\DiceTest" classname="App.Classes.Dice.DiceTest" file="/Users/frida/Kod/BTH/dbwebb-kurser/mvc/me/report/tests/Dice/DiceTest.php" line="16" assertions="2" time="0.000664"/>
        <testcase name="testRoll" class="App\Classes\Dice\DiceTest" classname="App.Classes.Dice.DiceTest" file="/Users/frida/Kod/BTH/dbwebb-kurser/mvc/me/report/tests/Dice/DiceTest.php" line="27" assertions="5" time="0.001398"/>
      </testsuite>
      <testsuite name="App\Entity\MismanagedPlasticTest" file="/Users/frida/Kod/BTH/dbwebb-kurser/mvc/me/report/tests/Entity/MismanagedPlasticTest.php" tests="7" assertions="20" errors="0" warnings="0" failures="0" skipped="0" time="1.405713">
        <testcase name="testGetMprId" class="App\Entity\MismanagedPlasticTest" classname="App.Entity.MismanagedPlasticTest" file="/Users/frida/Kod/BTH/dbwebb-kurser/mvc/me/report/tests/Entity/MismanagedPlasticTest.php" line="39" assertions="3" time="1.380210">
          <system-out>string(3) "HEJ"
</system-out>
        </testcase>
        <testcase name="testGetCountry" class="App\Entity\MismanagedPlasticTest" classname="App.Entity.MismanagedPlasticTest" file="/Users/frida/Kod/BTH/dbwebb-kurser/mvc/me/report/tests/Entity/MismanagedPlasticTest.php" line="53" assertions="3" time="0.005779"/>
        <testcase name="testSetCountry" class="App\Entity\MismanagedPlasticTest" classname="App.Entity.MismanagedPlasticTest" file="/Users/frida/Kod/BTH/dbwebb-kurser/mvc/me/report/tests/Entity/MismanagedPlasticTest.php" line="65" assertions="2" time="0.003493"/>
        <testcase name="testGetYear" class="App\Entity\MismanagedPlasticTest" classname="App.Entity.MismanagedPlasticTest" file="/Users/frida/Kod/BTH/dbwebb-kurser/mvc/me/report/tests/Entity/MismanagedPlasticTest.php" line="76" assertions="3" time="0.003658"/>
        <testcase name="testSetYear" class="App\Entity\MismanagedPlasticTest" classname="App.Entity.MismanagedPlasticTest" file="/Users/frida/Kod/BTH/dbwebb-kurser/mvc/me/report/tests/Entity/MismanagedPlasticTest.php" line="88" assertions="3" time="0.004694"/>
        <testcase name="testGetProbabilityOfPlasticBeingEmittedToOcean" class="App\Entity\MismanagedPlasticTest" classname="App.Entity.MismanagedPlasticTest" file="/Users/frida/Kod/BTH/dbwebb-kurser/mvc/me/report/tests/Entity/MismanagedPlasticTest.php" line="101" assertions="3" time="0.003786"/>
        <testcase name="testSetProbabilityOfPlasticBeingEmittedToOcean" class="App\Entity\MismanagedPlasticTest" classname="App.Entity.MismanagedPlasticTest" file="/Users/frida/Kod/BTH/dbwebb-kurser/mvc/me/report/tests/Entity/MismanagedPlasticTest.php" line="113" assertions="3" time="0.004092"/>
      </testsuite>
      <testsuite name="App\Entity\PlasticLifetimeTest" file="/Users/frida/Kod/BTH/dbwebb-kurser/mvc/me/report/tests/Entity/PlasticLifetimeTest.php" tests="3" assertions="8" errors="0" warnings="0" failures="0" skipped="0" time="0.021374">
        <testcase name="testGetId" class="App\Entity\PlasticLifetimeTest" classname="App.Entity.PlasticLifetimeTest" file="/Users/frida/Kod/BTH/dbwebb-kurser/mvc/me/report/tests/Entity/PlasticLifetimeTest.php" line="41" assertions="3" time="0.013726"/>
        <testcase name="testGetSector" class="App\Entity\PlasticLifetimeTest" classname="App.Entity.PlasticLifetimeTest" file="/Users/frida/Kod/BTH/dbwebb-kurser/mvc/me/report/tests/Entity/PlasticLifetimeTest.php" line="53" assertions="3" time="0.004040"/>
        <testcase name="testSetSector" class="App\Entity\PlasticLifetimeTest" classname="App.Entity.PlasticLifetimeTest" file="/Users/frida/Kod/BTH/dbwebb-kurser/mvc/me/report/tests/Entity/PlasticLifetimeTest.php" line="63" assertions="2" time="0.003609"/>
      </testsuite>
      <testsuite name="App\Classes\Game\BlackjackTest" file="/Users/frida/Kod/BTH/dbwebb-kurser/mvc/me/report/tests/Game/BlackjackTest.php" tests="9" assertions="26" errors="0" warnings="0" failures="0" skipped="0" time="0.027637">
        <testcase name="testCreateBlackjack" class="App\Classes\Game\BlackjackTest" classname="App.Classes.Game.BlackjackTest" file="/Users/frida/Kod/BTH/dbwebb-kurser/mvc/me/report/tests/Game/BlackjackTest.php" line="16" assertions="3" time="0.014204"/>
        <testcase name="testGetCurrentDeck" class="App\Classes\Game\BlackjackTest" classname="App.Classes.Game.BlackjackTest" file="/Users/frida/Kod/BTH/dbwebb-kurser/mvc/me/report/tests/Game/BlackjackTest.php" line="30" assertions="3" time="0.001149"/>
        <testcase name="testReset" class="App\Classes\Game\BlackjackTest" classname="App.Classes.Game.BlackjackTest" file="/Users/frida/Kod/BTH/dbwebb-kurser/mvc/me/report/tests/Game/BlackjackTest.php" line="43" assertions="8" time="0.001904"/>
        <testcase name="testBlackjackScoresUnder21" class="App\Classes\Game\BlackjackTest" classname="App.Classes.Game.BlackjackTest" file="/Users/frida/Kod/BTH/dbwebb-kurser/mvc/me/report/tests/Game/BlackjackTest.php" line="77" assertions="2" time="0.001641"/>
        <testcase name="testBlackjackScoreOver21PlayerOver21" class="App\Classes\Game\BlackjackTest" classname="App.Classes.Game.BlackjackTest" file="/Users/frida/Kod/BTH/dbwebb-kurser/mvc/me/report/tests/Game/BlackjackTest.php" line="97" assertions="2" time="0.001497"/>
        <testcase name="testBlackjackScoreOver21Dealer21" class="App\Classes\Game\BlackjackTest" classname="App.Classes.Game.BlackjackTest" file="/Users/frida/Kod/BTH/dbwebb-kurser/mvc/me/report/tests/Game/BlackjackTest.php" line="117" assertions="2" time="0.001622"/>
        <testcase name="testBlackjackScoreOver21Player21" class="App\Classes\Game\BlackjackTest" classname="App.Classes.Game.BlackjackTest" file="/Users/frida/Kod/BTH/dbwebb-kurser/mvc/me/report/tests/Game/BlackjackTest.php" line="137" assertions="2" time="0.002176"/>
        <testcase name="testBlackjackScoreOver21Dealer" class="App\Classes\Game\BlackjackTest" classname="App.Classes.Game.BlackjackTest" file="/Users/frida/Kod/BTH/dbwebb-kurser/mvc/me/report/tests/Game/BlackjackTest.php" line="158" assertions="2" time="0.001859"/>
        <testcase name="testBlackjackEqualScoreOver21" class="App\Classes\Game\BlackjackTest" classname="App.Classes.Game.BlackjackTest" file="/Users/frida/Kod/BTH/dbwebb-kurser/mvc/me/report/tests/Game/BlackjackTest.php" line="179" assertions="2" time="0.001585"/>
      </testsuite>
      <testsuite name="App\Classes\Game\PlayerTest" file="/Users/frida/Kod/BTH/dbwebb-kurser/mvc/me/report/tests/Game/PlayerTest.php" tests="7" assertions="14" errors="0" warnings="0" failures="0" skipped="0" time="0.008863">
        <testcase name="testSetCurrentCardHand" class="App\Classes\Game\PlayerTest" classname="App.Classes.Game.PlayerTest" file="/Users/frida/Kod/BTH/dbwebb-kurser/mvc/me/report/tests/Game/PlayerTest.php" line="18" assertions="2" time="0.000737"/>
        <testcase name="testSCalculateCardHand" class="App\Classes\Game\PlayerTest" classname="App.Classes.Game.PlayerTest" file="/Users/frida/Kod/BTH/dbwebb-kurser/mvc/me/report/tests/Game/PlayerTest.php" line="30" assertions="2" time="0.000728"/>
        <testcase name="testGetPlayer" class="App\Classes\Game\PlayerTest" classname="App.Classes.Game.PlayerTest" file="/Users/frida/Kod/BTH/dbwebb-kurser/mvc/me/report/tests/Game/PlayerTest.php" line="44" assertions="2" time="0.001063"/>
        <testcase name="testSetPlayer" class="App\Classes\Game\PlayerTest" classname="App.Classes.Game.PlayerTest" file="/Users/frida/Kod/BTH/dbwebb-kurser/mvc/me/report/tests/Game/PlayerTest.php" line="55" assertions="2" time="0.001134"/>
        <testcase name="testIsActive" class="App\Classes\Game\PlayerTest" classname="App.Classes.Game.PlayerTest" file="/Users/frida/Kod/BTH/dbwebb-kurser/mvc/me/report/tests/Game/PlayerTest.php" line="67" assertions="2" time="0.002579"/>
        <testcase name="testDraw" class="App\Classes\Game\PlayerTest" classname="App.Classes.Game.PlayerTest" file="/Users/frida/Kod/BTH/dbwebb-kurser/mvc/me/report/tests/Game/PlayerTest.php" line="78" assertions="2" time="0.001150"/>
        <testcase name="testStop" class="App\Classes\Game\PlayerTest" classname="App.Classes.Game.PlayerTest" file="/Users/frida/Kod/BTH/dbwebb-kurser/mvc/me/report/tests/Game/PlayerTest.php" line="91" assertions="2" time="0.001472"/>
      </testsuite>
      <testsuite name="App\Controller\LibraryControllerTest" file="/Users/frida/Kod/BTH/dbwebb-kurser/mvc/me/report/tests/LibraryControllerTest.php" tests="7" assertions="9" errors="0" warnings="0" failures="0" skipped="0" time="0.898763">
        <testcase name="testIndex" class="App\Controller\LibraryControllerTest" classname="App.Controller.LibraryControllerTest" file="/Users/frida/Kod/BTH/dbwebb-kurser/mvc/me/report/tests/LibraryControllerTest.php" line="56" assertions="1" time="0.409606"/>
        <testcase name="testShowAllBooks" class="App\Controller\LibraryControllerTest" classname="App.Controller.LibraryControllerTest" file="/Users/frida/Kod/BTH/dbwebb-kurser/mvc/me/report/tests/LibraryControllerTest.php" line="65" assertions="1" time="0.047053"/>
        <testcase name="testShowBookById" class="App\Controller\LibraryControllerTest" classname="App.Controller.LibraryControllerTest" file="/Users/frida/Kod/BTH/dbwebb-kurser/mvc/me/report/tests/LibraryControllerTest.php" line="74" assertions="1" time="0.026328"/>
        <testcase name="testCreateBookForm" class="App\Controller\LibraryControllerTest" classname="App.Controller.LibraryControllerTest" file="/Users/frida/Kod/BTH/dbwebb-kurser/mvc/me/report/tests/LibraryControllerTest.php" line="87" assertions="1" time="0.027218"/>
        <testcase name="testUpdateBookForm" class="App\Controller\LibraryControllerTest" classname="App.Controller.LibraryControllerTest" file="/Users/frida/Kod/BTH/dbwebb-kurser/mvc/me/report/tests/LibraryControllerTest.php" line="139" assertions="1" time="0.025651"/>
        <testcase name="testExceptionUpdateBookForm" class="App\Controller\LibraryControllerTest" classname="App.Controller.LibraryControllerTest" file="/Users/frida/Kod/BTH/dbwebb-kurser/mvc/me/report/tests/LibraryControllerTest.php" line="151" assertions="2" time="0.322463"/>
        <testcase name="testRedirectDeleteBookById" class="App\Controller\LibraryControllerTest" classname="App.Controller.LibraryControllerTest" file="/Users/frida/Kod/BTH/dbwebb-kurser/mvc/me/report/tests/LibraryControllerTest.php" line="165" assertions="2" time="0.040444"/>
      </testsuite>
      <testsuite name="App\Repository\BookRepositoryTest" file="/Users/frida/Kod/BTH/dbwebb-kurser/mvc/me/report/tests/Repository/BookRepositoryTest.php" tests="2" assertions="3" errors="0" warnings="0" failures="0" skipped="0" time="0.009636">
        <testcase name="testAdd" class="App\Repository\BookRepositoryTest" classname="App.Repository.BookRepositoryTest" file="/Users/frida/Kod/BTH/dbwebb-kurser/mvc/me/report/tests/Repository/BookRepositoryTest.php" line="30" assertions="2" time="0.005331"/>
        <testcase name="testRemove" class="App\Repository\BookRepositoryTest" classname="App.Repository.BookRepositoryTest" file="/Users/frida/Kod/BTH/dbwebb-kurser/mvc/me/report/tests/Repository/BookRepositoryTest.php" line="43" assertions="1" time="0.004305"/>
      </testsuite>
    </testsuite>
  </testsuite>
</testsuites>
